
> smart-safety-doc-validator-webonly@0.1.0 build
> next build

node.exe :  ??Invalid 
next.config.mjs options 
detected: 
At line:1 char:1
+ & "C:\Program 
Files\nodejs/node.exe" "C
:\Users\Jinet\AppData\Roa
ming\ ...
+ ~~~~~~~~~~~~~~~~~~~~~~~
~~~~~~~~~~~~~~~~~~~~~~~~~
~~~~~~~~~~~~~~~~~~~~~
    + CategoryInfo       
       : NotSpecified:   
  ( ??Invalid next...i   
 ons detected: :Strin    
g) [], RemoteExcepti    
on
    + FullyQualifiedErro 
   rId : NativeCommandE  
  rror
 
 ??    Unrecognized 
key(s) in object: 'server
ComponentsExternalPackage
s'
 ??See more info here: ht
tps://nextjs.org/docs/mes
sages/invalid-next-config
  ??Next.js 14.2.35
  - Environments: .env.local, .env

   Creating an optimized production build ...
 ??Compiled with warnings

./node_modules/handlebars
/lib/index.js
require.extensions is 
not supported by 
webpack. Use a loader 
instead.

Import trace for 
requested module:
./node_modules/handlebars
/lib/index.js
./node_modules/html-pdf-n
ode/index.js
./src/app/api/export-pdf/
route.ts

./node_modules/handlebars
/lib/index.js
require.extensions is 
not supported by 
webpack. Use a loader 
instead.

Import trace for 
requested module:
./node_modules/handlebars
/lib/index.js
./node_modules/html-pdf-n
ode/index.js
./src/app/api/export-pdf/
route.ts

./node_modules/handlebars
/lib/index.js
require.extensions is 
not supported by 
webpack. Use a loader 
instead.

Import trace for 
requested module:
./node_modules/handlebars
/lib/index.js
./node_modules/html-pdf-n
ode/index.js
./src/app/api/export-pdf/
route.ts

 ??Compiled successfully
   Linting and checking validity of types ...

./src/app/layout.tsx
15:9  Warning: Custom fonts not added in `pages/_document.js` will only load for a single page. This is discouraged. See: https://nextjs.org/docs/messages/no-page-custom-font  @next/next/no-page-custom-font
19:9  Warning: Custom fonts not added in `pages/_document.js` will only load for a single page. This is discouraged. See: https://nextjs.org/docs/messages/no-page-custom-font  @next/next/no-page-custom-font

./src/app/page.tsx
218:6  Warning: React Hook useEffect has a missing dependency: 'loadReportFromHistory'. Either include it or remove the dependency array.  react-hooks/exhaustive-deps

./src/components/viewer/DocumentViewer.tsx
167:29  Warning: Using `<img>` could result in slower LCP and higher bandwidth. Consider using `<Image />` from `next/image` to automatically optimize images. This may incur additional usage or cost from your provider. See: https://nextjs.org/docs/messages/no-img-element  @next/next/no-img-element

info  - Need to disable some ESLint rules? Learn more here: https://nextjs.org/docs/basic-features/eslint#disabling-rules
Failed to compile.

./src/app/api/validate/ro
ute.ts:269:7
Type error: 
'extracted.checklist' is 
possibly 'undefined'.

[0m [90m 267 |[39m    
   extracted[33m.[39msi
gnature[33m.[39m?대떦 
[33m!==[39m 
[32m"unknown"[39m 
[33m||[39m[0m
[0m [90m 268 |[39m    
   extracted[33m.[39msi
gnature[33m.[39m?뚯옣 
[33m!==[39m 
[32m"unknown"[39m 
[33m||[39m[0m
[0m[31m[1m>[22m[39m
[90m 269 |[39m       ext
racted[33m.[39mchecklis
t[33m.[39mlength 
[33m>[39m [35m0[39m[
33m;[39m[0m
[0m [90m     |[39m    
   
[31m[1m^[22m[39m[0m
[0m [90m 270 |[39m[0m
[0m [90m 271 |[39m    
 [36mif[39m ([33m![39
misSafetyDocument) {[0m
[0m [90m 272 |[39m    
   [36mreturn[39m [33m
NextResponse[39m[33m.[
39mjson([0m
Next.js build worker 
exited with code: 1 and 
signal: null
