src/app/api/chat/route.ts(87,39): error TS2339: Property 'function' does not exist on type 'ChatCompletionMessageToolCall'.
  Property 'function' does not exist on type 'ChatCompletionMessageCustomToolCall'.
src/app/api/chat/route.ts(88,50): error TS2339: Property 'function' does not exist on type 'ChatCompletionMessageToolCall'.
  Property 'function' does not exist on type 'ChatCompletionMessageCustomToolCall'.
src/app/api/validate/route.ts(397,55): error TS2339: Property 'function' does not exist on type 'ChatCompletionMessageToolCall'.
  Property 'function' does not exist on type 'ChatCompletionMessageCustomToolCall'.
src/app/api/validate/route.ts(406,79): error TS2345: Argument of type 'string[] | null | undefined' is not assignable to parameter of type 'string[] | undefined'.
  Type 'null' is not assignable to type 'string[] | undefined'.
src/app/api/validate/route.ts(411,87): error TS2345: Argument of type 'string[] | null | undefined' is not assignable to parameter of type 'string[] | undefined'.
  Type 'null' is not assignable to type 'string[] | undefined'.
src/app/api/validate/route.ts(416,78): error TS2345: Argument of type 'string[] | null | undefined' is not assignable to parameter of type 'string[] | undefined'.
  Type 'null' is not assignable to type 'string[] | undefined'.
src/app/api/validate/route.ts(622,24): error TS2353: Object literal may only specify known properties, and 'worker' does not exist in type '{ ?대떦: "unknown" | "present" | "missing"; ?뚯옣: "unknown" | "present" | "missing"; }'.
src/app/api/validate/route.ts(645,15): error TS2353: Object literal may only specify known properties, and 'path' does not exist in type 'ValidationIssue'.
src/app/page.tsx(724,33): error TS2339: Property 'workType' does not exist on type '{ summary: string; transcript: string; }'.
src/app/page.tsx(725,41): error TS2339: Property 'extractedHazards' does not exist on type '{ summary: string; transcript: string; }'.
src/app/page.tsx(726,43): error TS2339: Property 'extractedInspector' does not exist on type '{ summary: string; transcript: string; }'.
src/app/page.tsx(1533,13): error TS2353: Object literal may only specify known properties, and 'workType' does not exist in type '{ summary: string; transcript: string; } | ((prevState: { summary: string; transcript: string; } | null) => { summary: string; transcript: string; } | null)'.
src/app/page.tsx(1797,21): error TS2353: Object literal may only specify known properties, and 'workType' does not exist in type '{ summary: string; transcript: string; } | ((prevState: { summary: string; transcript: string; } | null) => { summary: string; transcript: string; } | null)'.
src/lib/chatTools.ts(387,44): error TS2339: Property 'id' does not exist on type 'ValidationIssue'.
